Days with commits: 4.

Total number of commits in repositories: 15
Conventional commits: 12

| Type      | Total     |
| --------- | --------- |
| Commits   | 12        |
| refactor  | 33%       |
| feat      | 25%       |
| fix       | 17%       |
| test      | 17%       |
| chore     | 8%        |
