Days with commits: 4.

Total number of commits in repositories: 18
Conventional commits: 13

| Type      | Total     |
| --------- | --------- |
| Commits   | 13        |
| feat      | 31%       |
| refactor  | 31%       |
| fix       | 15%       |
| test      | 15%       |
| chore     | 8%        |
