Total number of commits in repositories: 30
Conventional commits: 23

| Type      | Total     |
| --------- | --------- |
| Commits   | 23        |
| feat      | 30%       |
| refactor  | 22%       |
| test      | 17%       |
| fix       | 13%       |
| chore     | 9%        |
| feat!     | 4%        |
| repo2     | 4%        |
