Total number of commits by Ilyas Landikov in repositories: 18
Conventional commits: 14

| Type      | Total     |
| --------- | --------- |
| Commits   | 14        |
| feat      | 29%       |
| test      | 29%       |
| refactor  | 21%       |
| chore     | 7%        |
| feat!     | 7%        |
| fix       | 7%        |
