Total number of commits by Ilyas Landikov in repositories: 16
Conventional commits: 11

| Type      | Total     | 2024-02   | 2024-07   | 2025-05   |
| --------- | --------- | --------- | --------- | --------- |
| Commits   | 11        | 1         | 3         | 7         |
| feat      | 36%       | 0%        | 100%      | 14%       |
| refactor  | 27%       | 0%        | 0%        | 43%       |
| test      | 18%       | 0%        | 0%        | 29%       |
| chore     | 9%        | 100%      | 0%        | 0%        |
| fix       | 9%        | 0%        | 0%        | 14%       |
