Total number of commits by Ilyas Landikov in repositories: 18
Conventional commits: 14

Skipped non-conventional commits: 4
d0affa5 on 2025-05-13 by Ilyas Landikov 'feat(new scope)!: commit with breaking change and scope'
4912740 on 2024-07-18 by Ilyas Landikov 'Revert "feat: change2"'
ca4ae31 on 2024-07-17 by Ilyas Landikov 'Initial commit'
ab93474 on 2024-07-17 by Ilyas Landikov 'Merge branch 'refs/heads/master' into my-new-feature'

| Type      | Total     |
| --------- | --------- |
| Commits   | 14        |
| feat      | 29%       |
| test      | 29%       |
| refactor  | 21%       |
| chore     | 7%        |
| feat!     | 7%        |
| fix       | 7%        |
