Total number of commits by Ilyas Landikov in repositories: 18
Conventional commits: 14

| Type      | Total     | 2024      | 2025      |
| --------- | --------- | --------- | --------- |
| Commits   | 14        | 4         | 10        |
| feat      | 29%       | 75%       | 10%       |
| test      | 29%       | 0%        | 40%       |
| refactor  | 21%       | 0%        | 30%       |
| chore     | 7%        | 25%       | 0%        |
| feat!     | 7%        | 0%        | 10%       |
| fix       | 7%        | 0%        | 10%       |
