Total number of commits in repositories: 28
Conventional commits: 22

| Type      | Total     |
| --------- | --------- |
| Commits   | 22        |
| feat      | 32%       |
| refactor  | 23%       |
| test      | 18%       |
| fix       | 14%       |
| chore     | 9%        |
| repo2     | 5%        |
