Total number of commits by Ilyas Landikov in repository './tests/test_repo': 7
Conventional commits: 4

Skipped non-conventional commits: 3
4912740 on 2024-07-18 by Ilyas Landikov 'Revert "feat: change2"'
ca4ae31 on 2024-07-17 by Ilyas Landikov 'Initial commit'
ab93474 on 2024-07-17 by Ilyas Landikov 'Merge branch 'refs/heads/master' into my-new-feature'

| Type      | Total     |
| --------- | --------- |
| Commits   | 4         |
| feat      | 75%       |
| chore     | 25%       |
