Total number of commits in repositories: 30
Conventional commits: 24

| Type      | Total     |
| --------- | --------- |
| Commits   | 24        |
| feat      | 33%       |
| refactor  | 21%       |
| test      | 17%       |
| fix       | 12%       |
| chore     | 8%        |
| feat!     | 4%        |
| repo2     | 4%        |
