Total number of commits by Ilyas Landikov in repositories: 13
Conventional commits: 10

| Type      | Total     | 2024      | 2025      |
| --------- | --------- | --------- | --------- |
| Commits   | 10        | 4         | 6         |
| feat      | 30%       | 75%       | 0%        |
| refactor  | 30%       | 0%        | 50%       |
| test      | 20%       | 0%        | 33%       |
| chore     | 10%       | 25%       | 0%        |
| fix       | 10%       | 0%        | 17%       |
