Total number of commits in repositories: 13
Conventional commits: 10

| Type      | Total     |
| --------- | --------- |
| Commits   | 10        |
| refactor  | 40%       |
| feat      | 30%       |
| fix       | 20%       |
| chore     | 10%       |

Risk analysis:
Total conventional commits: 10
Total with risk info: 10

| Risk      | %         |
| --------- | --------- |
| .         | 10%       |
| -         | 10%       |
| !         | 10%       |
| @         | 10%       |
| none      | 60%       |
