Total number of commits by Ilyas Landikov in repositories: 18
Conventional commits: 14

| Type      | Total     | 2024-02   | 2024-07   | 2025-05   |
| --------- | --------- | --------- | --------- | --------- |
| Commits   | 14        | 1         | 3         | 10        |
| feat      | 29%       | 0%        | 100%      | 10%       |
| test      | 29%       | 0%        | 0%        | 40%       |
| refactor  | 21%       | 0%        | 0%        | 30%       |
| chore     | 7%        | 100%      | 0%        | 0%        |
| feat!     | 7%        | 0%        | 0%        | 10%       |
| fix       | 7%        | 0%        | 0%        | 10%       |
