Total number of commits by Ilyas Landikov in repository './tests/test_repo': 7
Skipped non-conventional commits: 3
Conventional commits: 4

| Type     | Total    | 2024-07  | 2024-02  |
| -------- | -------- | -------- | -------- |
| feat     | 75%      | 100%     | 0%       |
| chore    | 25%      | 0%       | 100%     |
