Total number of commits in repositories: 20
Conventional commits: 16

| Type      | Total     |
| --------- | --------- |
| Commits   | 16        |
| feat      | 25%       |
| refactor  | 25%       |
| test      | 25%       |
| fix       | 12%       |
| chore     | 6%        |
| feat!     | 6%        |

Risk analysis:
Conventional commits with risk notation: 7

| Risk      | %         |
| --------- | --------- |
| -         | 29%       |
| **        | 29%       |
| !         | 14%       |
| .         | 14%       |
| @         | 14%       |
