Total number of commits in repositories: 15
Conventional commits: 12

Skipped non-conventional commits: 3
4912740 on 2024-07-18 by Ilyas Landikov 'Revert "feat: change2"'
ca4ae31 on 2024-07-17 by Ilyas Landikov 'Initial commit'
ab93474 on 2024-07-17 by Ilyas Landikov 'Merge branch 'refs/heads/master' into my-new-feature'

| Type      | Total     |
| --------- | --------- |
| Commits   | 12        |
| refactor  | 33%       |
| feat      | 25%       |
| fix       | 17%       |
| test      | 17%       |
| chore     | 8%        |
